[stackoverflow.co/index.html]
[backblue.gif]
[fade.gif]
[index.html]
[stackoverflow.co/img/product/og/og-company.png]
[stackoverflow.co/favicon.ico]
[stackoverflow.co/apple-touch-icon.png]
[cdn.cookielaw.org/consent/d06435e0-17fb-4659-9a14-1930a6e0be80/OtAutoBlock.js]
[cdn.cookielaw.org/scripttemplates/otSDKStub.js]
[cdn.bizible.com/scripts/bizible.js]
[stackoverflow.co/img/product/teams/illo-teams-1-h1.svg]
[stackoverflow.co/img/product/talent/illo-tal-1-h1.svg]
[stackoverflow.co/img/product/audience/illo-1-h1.svg]
[stackoverflow.co/img/company/bg-header-desktop.png]
[stackoverflow.co/public/company/static/1659963454/state.js]
[stackoverflow.co/public/company/static/1659963454/payload.js]
[stackoverflow.co/public/company/static/1659963454/manifest.js]
[stackoverflow.co/teams/index.html]
[stackoverflow.co/talent/index.html]
[stackoverflow.co/advertising/index.html]
[stackoverflow.co/img/company/bg-header-mobile.png]
[stackoverflow.co/collectives/index.html]
[stackoverflow.co/company/leadership/index.html]
[stackoverflow.co/company/careers/index.html]
[stackoverflow.co/img/company/awards/webby-award.svg]
[stackoverflow.co/company/work-here/index.html]
[stackoverflow.co/company/press/index.html]
[stackoverflow.co/img/company/awards/award-stratus-2020.svg]
[stackoverflow.co/company/contact/index.html]
[stackoverflow.co/company/research/index.html]
[stackoverflow.co/img/company/awards/remotetechbreakthrough.svg]
[stackoverflow.co/img/company/awards/the-saas-awards.svg]
[stackoverflow.co/img/company/awards/appealie-saas-awards.png]
[stackoverflow.co/img/company/abstract-teams.png]
[stackoverflow.co/img/company/abstract-talent.png]
[stackoverflow.co/img/company/abstract-advertising.png]
[stackoverflow.co/img/company/abstract-public-platform.png]
[stackoverflow.co/img/product/teams/logos/box-alt.svg]
[stackoverflow.co/img/product/teams/logos/expensify-alt.svg]
[stackoverflow.co/img/product/teams/logos/intercom-alt.svg]
[stackoverflow.co/img/product/teams/logos/microsoft-alt.svg]
[stackoverflow.co/img/product/teams/logos/bloomberg-alt.svg]
[stackoverflow.co/img/product/teams/logos/instacart-alt.svg]
[stackoverflow.co/img/product/teams/logos/barkbox-alt.svg]
[stackoverflow.co/img/product/teams/logos/logitech-alt.svg]
[stackoverflow.co/img/product/teams/logos/overstock-alt.svg]
[stackoverflow.co/img/product/teams/logos/chevron-alt.svg]
[stackoverflow.co/img/product/teams/logos/dialpad-alt.svg]
[stackoverflow.co/img/product/teams/logos/philips-alt.svg]
[stackoverflow.co/img/product/teams/logos/verizon-media-alt.svg]
[stackoverflow.co/img/product/teams/logos/wisetech-global-alt.svg]
[stackoverflow.co/company/work-here.html]
[stackoverflow.co/company/contact.html]
[stackoverflow.co/img/company/illo-new-york.png]
[stackoverflow.co/company/press.html]
[stackoverflow.co/public/company/333748f.js]
[stackoverflow.co/public/company/694501e.js]
[stackoverflow.co/public/company/1ee4ef8.js]
[stackoverflow.co/public/company/c5b1d6d.js]
[stackoverflow.co/index.html]
[stackoverflow.co/public/company/2dccffe.js]
[cdn.optimizely.com/js/21009600165.js]
[munchkin.marketo.net/munchkin.js]
[cdn.cookielaw.org/consent/d06435e0-17fb-4659-9a14-1930a6e0be80/OtAutoBlock.js]
[stackoverflow.co/xdc.3a.delayed]
[cdn.bizible.com/scripts/bizible.js]
[stackoverflow.co/public/company/assets/bg-nav.1f19dbe7.svg]
[stackoverflow.co/img/product/teams/illo-teams-1-h1.svg]
[stackoverflow.co/img/product/talent/illo-tal-1-h1.svg]
[stackoverflow.co/img/product/audience/illo-1-h1.svg]
[stackoverflow.co/img/product/teams/bg-header.svg]
[stackoverflow.co/img/product/teams/bg-header-dark.svg]
[stackoverflow.co/img/product/audience/bg-header.svg]
[stackoverflow.co/img/product/talent/bg-header.svg]
[stackoverflow.co/img/product/og/og-teams.png]
[j.6sc.co/6si.min.js]
[stackoverflow.co/img/product/teams/illo-security.svg]
[stackoverflow.co/public/static/1659636372/teams/state.js]
[stackoverflow.co/public/static/1659636372/teams/payload.js]
[stackoverflow.co/public/static/1659636372/manifest.js]
[stackoverflow.co/teams/pricing/index.html]
[stackoverflow.co/img/product/videos/HJtJXMKpl2g.jpg]
[stackoverflow.co/explore-teams/index.html]
[stackoverflow.co/img/product/teams/screens/illo-collection.png]
[stackoverflow.co/img/product/teams/logos/imc.svg]
[stackoverflow.co/img/product/teams/screens/illo-question.png]
[stackoverflow.co/img/product/teams/screens/illo-home-search.png]
[stackoverflow.co/img/product/teams/logos/microsoft.svg]
[stackoverflow.co/img/company/awards/edtech.png]
[stackoverflow.co/teams/use-cases/engineering/index.html]
[stackoverflow.co/teams/use-cases/data-analytics/index.html]
[stackoverflow.co/teams/use-cases/devops/index.html]
[stackoverflow.co/teams/use-cases/customer-support/index.html]
[stackoverflow.co/teams/use-cases/product-management/index.html]
[stackoverflow.co/img/product/teams/illo-integrations-left.png]
[stackoverflow.co/teams/integrations/microsoft-teams/index.html]
[stackoverflow.co/teams/integrations/index.html]
[stackoverflow.co/teams/integrations/slack/index.html]
[stackoverflow.co/img/product/teams/microsoft-integration/microsoft-teams-logo.svg]
[stackoverflow.co/teams/integrations/github/index.html]
[stackoverflow.co/teams/integrations/jira/index.html]
[stackoverflow.co/img/product/teams/illo-okta.svg]
[stackoverflow.co/teams/integrations/okta/index.html]
[stackoverflow.co/img/product/teams/illo-integrations-right.png]
[stackoverflow.co/img/product/teams/illo-cta-left.png]
[stackoverflow.co/teams/security/index.html]
[stackoverflow.co/img/product/teams/illo-cta-right.png]
[stackoverflow.co/public/b61633c.js]
[stackoverflow.co/public/3227b09.js]
[stackoverflow.co/public/d61a58c.js]
[stackoverflow.co/public/2639ef0.js]
[stackoverflow.co/teams/index.html]
[stackoverflow.co/public/3752f9b.js]
[stackoverflow.co/img/product/og/og-talent.png]
[stackoverflow.co/public/static/1659636372/talent/state.js]
[stackoverflow.co/public/static/1659636372/talent/payload.js]
[stackoverflow.co/talent/audience/index.html]
[stackoverflow.co/talent/solutions/index.html]
[stackoverflow.co/img/product/talent/bg-future-company.png]
[stackoverflow.co/talent/contact/index.html]
[stackoverflow.co/img/product/talent/bg-footer-contact.png]
[stackoverflow.co/talent/index.html]
[stackoverflow.co/public/6e1b3a1.js]
[stackoverflow.co/img/product/og/og-advertising.png]
[stackoverflow.co/public/static/1659636372/advertising/state.js]
[stackoverflow.co/public/static/1659636372/advertising/payload.js]
[stackoverflow.co/advertising/audience/index.html]
[stackoverflow.co/advertising/solutions/index.html]
[cdn.sstatic.net/Img/product/videos/6XtwS2Ju76Y415c.jpg]
[stackoverflow.co/advertising/contact/index.html]
[stackoverflow.co/img/product/audience/illo-1-m1.png]
[stackoverflow.co/img/product/audience/illo-1-p01.png]
[stackoverflow.co/advertising/index.html]
[stackoverflow.co/public/fe60473.js]
[stackoverflow.co/advertising/policies/index.html]
[stackoverflow.co/img/product/og/og-collectives.png]
[stackoverflow.co/img/product/collectives/bg-collectives-product-header.png]
[stackoverflow.co/public/static/1659636372/collectives/state.js]
[stackoverflow.co/public/static/1659636372/collectives/payload.js]
[stackoverflow.co/collectives/tour/index.html]
[stackoverflow.co/img/product/collectives/screenshot-go-lang-collective.png]
[stackoverflow.co/collectives/contact/index.html]
[stackoverflow.co/collectives/index.html]
[stackoverflow.co/public/012353e.js]
[stackoverflow.co/company/leadership.html]
[stackoverflow.co/public/company/static/1659963454/company/leadership/state.js]
[stackoverflow.co/public/company/static/1659963454/company/leadership/payload.js]
[stackoverflow.co/company/leadership/prashanth-chandrasekar.html]
[cdn.stackoverflow.co/images/jo7n4k8s/production/9dfa495989c67ed8292ac17dc3d22990d2a68fb6-628x7682281.jpg]
[stackoverflow.co/company/leadership/jody-bailey.html]
[cdn.stackoverflow.co/images/jo7n4k8s/production/8afb21ebd841bfe38060820eac6461e0c5b5f1ce-1332x20002281.jpg]
[stackoverflow.co/company/leadership/teresa-dietrich.html]
[cdn.stackoverflow.co/images/jo7n4k8s/production/5acda16c39d95c65b2da03b300e094439ffdea63-600x7502281.jpg]
[stackoverflow.co/company/leadership/matthew-gallatin.html]
[cdn.stackoverflow.co/images/jo7n4k8s/production/45d4da3cf4d0a10449448f5dcc2a2472425614fa-600x6002281.jpg]
[stackoverflow.co/company/leadership/khalid-el-khatib.html]
[cdn.stackoverflow.co/images/jo7n4k8s/production/896e0ae456e3927279297d1afe3a151fdd6eadd9-912x10222281.jpg]
[stackoverflow.co/company/leadership/tim-miller.html]
[cdn.stackoverflow.co/images/jo7n4k8s/production/894ce87003154bf7ac1578e1fe398ffbb9ebad11-600x8002281.jpg]
[stackoverflow.co/company/leadership/debbie-shotwell.html]
[cdn.stackoverflow.co/images/jo7n4k8s/production/bc60096cf6fc250d97e7be66f313aa5a346170d0-600x7282281.jpg]
[stackoverflow.co/company/leadership/lily-toy.html]
[cdn.stackoverflow.co/images/jo7n4k8s/production/190e8e1a0a46ce295d725bc27e3652b47802f7a3-1152x12042281.jpg]
[stackoverflow.co/company/leadership/index.html]
[stackoverflow.co/public/company/045aa80.js]
[stackoverflow.co/company/careers.html]
[stackoverflow.co/img/company/careers/bg-headers-careers-r.svg]
[stackoverflow.co/public/company/static/1659963454/company/careers/state.js]
[stackoverflow.co/public/company/static/1659963454/company/careers/payload.js]
[stackoverflow.co/img/company/careers/header/8_sq.jpg]
[stackoverflow.co/img/company/careers/header/8_sq.webm]
[stackoverflow.co/img/company/careers/header/8_sq.mp4]
[stackoverflow.co/img/company/careers/header/2_sq.jpg]
[stackoverflow.co/img/company/careers/header/2_sq.webm]
[stackoverflow.co/img/company/careers/header/2_sq.mp4]
[stackoverflow.co/img/company/careers/header/3_sq.jpg]
[stackoverflow.co/img/company/careers/header/3_sq.webm]
[stackoverflow.co/img/company/careers/header/3_sq.mp4]
[stackoverflow.co/img/company/careers/header/4_sq.jpg]
[stackoverflow.co/img/company/careers/header/4_sq.webm]
[stackoverflow.co/img/company/careers/header/4_sq.mp4]
[stackoverflow.co/img/company/careers/header/11_sq.jpg]
[stackoverflow.co/img/company/careers/header/11_sq.webm]
[stackoverflow.co/img/company/careers/header/11_sq.mp4]
[stackoverflow.co/img/company/careers/header/6_sq.jpg]
[stackoverflow.co/img/company/careers/header/6_sq.webm]
[stackoverflow.co/img/company/careers/header/6_sq.mp4]
[stackoverflow.co/img/company/careers/header/9.jpg]
[stackoverflow.co/img/company/careers/header/9.webm]
[stackoverflow.co/img/company/careers/header/9.mp4]
[stackoverflow.co/img/company/careers/header/1.jpg]
[stackoverflow.co/img/company/careers/header/1.webm]
[stackoverflow.co/img/company/careers/header/1.mp4]
[stackoverflow.co/img/company/careers/header/5.jpg]
[stackoverflow.co/img/company/careers/header/5.webm]
[stackoverflow.co/img/company/careers/header/5.mp4]
[stackoverflow.co/img/company/careers/header/7.jpg]
[stackoverflow.co/img/company/careers/header/7.webm]
[stackoverflow.co/img/company/careers/header/7.mp4]
[stackoverflow.co/img/company/awards/mom-project-partner.png]
[stackoverflow.co/img/company/awards/PowerToFly_Best_WFH_Companies_2021.png]
[stackoverflow.co/img/company/awards/builtin-best-place-to-work-2021.png]
[stackoverflow.co/img/company/awards/builtin-best-place-to-work-remote-2022.png]
[stackoverflow.co/img/company/awards/best-company-nyc-2022.svg]
[stackoverflow.co/img/company/awards/top-rated-outlook-of-2022-small.svg]
[stackoverflow.co/img/company/awards/comparably-compensation-2021-small.svg]
[stackoverflow.co/img/company/awards/comparably-happiness-2021-small.svg]
[stackoverflow.co/img/company/awards/comparably-perks-benefits-2021-small.svg]
[stackoverflow.co/img/company/awards/comparably-best-company-culture-2021-small.svg]
[stackoverflow.co/img/company/awards/comparably-best-ceo-2021-small.svg]
[stackoverflow.co/img/company/careers/illo-mission.png]
[stackoverflow.co/img/company/careers/illo-welcome.png]
[stackoverflow.blog/wp-content/uploads/2022/07/q2-2022-ceo_00.png]
[stackoverflow.blog/wp-content/uploads/2022/07/Screen-Shot-2022-07-01-at-9.33.01-AM-1116x630.png]
[stackoverflow.blog/wp-content/uploads/2022/06/so-dev-survey-2022-results.png]
[stackoverflow.co/company/careers/index.html]
[stackoverflow.co/public/company/7a2b049.js]
[stackoverflow.co/public/company/static/1659963454/company/work-here/state.js]
[stackoverflow.co/public/company/static/1659963454/company/work-here/payload.js]
[stackoverflow.co/img/company/videos/eOZzhzvBVII.jpg]
[stackoverflow.co/company/work-here/4380194.html]
[stackoverflow.co/company/work-here/4305550.html]
[stackoverflow.co/company/work-here/4305481.html]
[stackoverflow.co/company/work-here/4045841.html]
[stackoverflow.co/company/work-here/4305345.html]
[stackoverflow.co/company/work-here/4303072.html]
[stackoverflow.co/company/work-here/4201016.html]
[stackoverflow.co/company/work-here/4427193.html]
[stackoverflow.co/company/work-here/4230288.html]
[stackoverflow.co/company/work-here/4272057.html]
[stackoverflow.co/company/work-here/4301014.html]
[stackoverflow.co/company/work-here/4231670.html]
[stackoverflow.co/company/work-here/3375541.html]
[stackoverflow.co/company/work-here/4301016.html]
[stackoverflow.co/company/work-here/3366452.html]
[stackoverflow.co/company/work-here/3416565.html]
[stackoverflow.co/company/work-here/4358766.html]
[stackoverflow.co/company/work-here/4278500.html]
[stackoverflow.co/company/work-here/4413358.html]
[stackoverflow.co/company/work-here/4398900.html]
[stackoverflow.co/company/work-here/4441454.html]
[stackoverflow.co/company/work-here/4096838.html]
[stackoverflow.co/company/work-here/4386850.html]
[stackoverflow.co/company/work-here/4427436.html]
[stackoverflow.co/company/work-here/3989997.html]
[stackoverflow.co/company/work-here/3989887.html]
[stackoverflow.co/company/work-here/3883147.html]
[stackoverflow.co/company/work-here/3989944.html]
[stackoverflow.co/company/work-here/4345972.html]
[stackoverflow.co/company/work-here/3989776.html]
[stackoverflow.co/company/work-here/3932016.html]
[stackoverflow.co/company/work-here/4119179.html]
[stackoverflow.co/company/work-here/4353156.html]
[stackoverflow.co/company/work-here/4439707.html]
[stackoverflow.co/company/work-here/4337620.html]
[stackoverflow.co/company/work-here/3618157.html]
[stackoverflow.co/company/work-here/4376055.html]
[stackoverflow.co/company/work-here/3721641.html]
[stackoverflow.co/company/work-here/3721440.html]
[stackoverflow.co/company/work-here/3970548.html]
[stackoverflow.co/company/work-here/3950397.html]
[stackoverflow.co/company/work-here/3970541.html]
[stackoverflow.co/company/work-here/4152269.html]
[stackoverflow.co/company/work-here/4242768.html]
[stackoverflow.co/company/work-here/3648367.html]
[stackoverflow.co/company/work-here/3301316.html]
[stackoverflow.co/company/work-here/3913070.html]
[stackoverflow.co/company/work-here/4059355.html]
[stackoverflow.co/company/work-here/4138690.html]
[stackoverflow.co/company/work-here/4138609.html]
[stackoverflow.co/company/work-here/3681977.html]
[stackoverflow.co/company/work-here/799106.html]
[stackoverflow.co/company/work-here/index.html]
[stackoverflow.co/public/company/e3fed2d.js]
[stackoverflow.co/public/company/static/1659963454/company/press/state.js]
[stackoverflow.co/public/company/static/1659963454/company/press/payload.js]
[stackoverflow.co/img/company/press/press-header.png]
[stackoverflow.co/company/press/archive.html]
[stackoverflow.co/company/press/archive/jody-bailey-cto.html]
[stackoverflow.co/company/press/archive/content-health.html]
[stackoverflow.co/company/press/archive/lily-toy-joins.html]
[stackoverflow.co/company/press/archive/matthew-gallatin-joins.html]
[stackoverflow.co/company/press/archive/introducing-collectives.html]
[stackoverflow.co/company/press/archive/prosus-acquisition.html]
[stackoverflow.co/company/press/archive/free-teams.html]
[stackoverflow.co/company/press/archive/debbie-shotwell-joins.html]
[stackoverflow.co/company/press/archive/soc2-audit.html]
[stackoverflow.co/company/press/archive/series-e.html]
[stackoverflow.co/company/press/archive/teresa-dietrich-joins.html]
[stackoverflow.co/company/press/archive/prashanth-chandrasekar-joins.html]
[stackoverflow.co/img/company/press/stack-overflow.png]
[stackoverflow.co/img/company/press/stack-overflow_thumb.png]
[stackoverflow.co/img/company/press/stack-overflow-for-teams.png]
[stackoverflow.co/img/company/press/stack-overflow-for-teams_thumb.png]
[stackoverflow.co/img/company/press/collectives-on-stack-overflow.png]
[stackoverflow.co/img/company/press/collectives-on-stack-overflow_thumb.png]
[stackoverflow.co/img/company/press/stack-overflow-advertising.png]
[stackoverflow.co/img/company/press/stack-overflow-advertising_thumb.png]
[stackoverflow.co/img/company/press/stack-overflow-for-teams-collections-screenshot.png]
[stackoverflow.co/img/company/press/stack-overflow-for-teams-collections-screenshot_thumb.png]
[stackoverflow.co/img/company/press/stack-overflow-for-teams-foryou-screenshot.png]
[stackoverflow.co/img/company/press/stack-overflow-for-teams-foryou-screenshot_thumb.png]
[stackoverflow.co/img/company/press/stack-overflow-for-teams-question-screenshot.png]
[stackoverflow.co/img/company/press/stack-overflow-for-teams-question-screenshot_thumb.png]
[stackoverflow.co/img/company/press/stack-overflow-for-teams-search-screenshot.png]
[stackoverflow.co/img/company/press/stack-overflow-for-teams-search-screenshot_thumb.png]
[stackoverflow.co/img/company/press/collectives-overview-screenshot_thumb.png]
[stackoverflow.co/img/company/press/collectives-actionsforyou-screenshot.png]
[stackoverflow.co/img/company/press/collectives-actionsforyou-screenshot_thumb.png]
[stackoverflow.co/img/company/press/collectives-leaderboard-screenshot.png]
[stackoverflow.co/img/company/press/collectives-leaderboard-screenshot_thumb.png]
[stackoverflow.co/img/company/press/collectives-recommendedanswer-screenshot.png]
[stackoverflow.co/img/company/press/collectives-recommendedanswer-screenshot_thumb.png]
[stackoverflow.co/img/company/press/stack-overflow-advertising-banner-ads.png]
[stackoverflow.co/img/company/press/stack-overflow-advertising-banner-ads_thumb.png]
[stackoverflow.co/img/company/press/adstack-overflow-advertising-sponsored-site.png]
[stackoverflow.co/img/company/press/adstack-overflow-advertising-sponsored-site_thumb.png]
[stackoverflow.co/img/company/press/stack-overflow-advertising-direct-to-developer.png]
[stackoverflow.co/img/company/press/stack-overflow-advertising-direct-to-developer_thumb.png]
[stackoverflow.co/img/company/press/adstack-overflow-advertising-newsletter.png]
[stackoverflow.co/img/company/press/adstack-overflow-advertising-newsletter_thumb.png]
[stackoverflow.co/company/press/index.html]
[stackoverflow.co/public/company/3b75c42.js]
[stackoverflow.co/company/research.html]
[stackoverflow.co/public/company/static/1659963454/company/research/state.js]
[stackoverflow.co/public/company/static/1659963454/company/research/payload.js]
[stackoverflow.co/public/company/288c3fe.js]
[stackoverflow.co/company/research/index.html]
[stackoverflow.co/public/company/static/1659963454/company/contact/state.js]
[stackoverflow.co/public/company/static/1659963454/company/contact/payload.js]
[stackoverflow.co/public/company/f349852.js]
[stackoverflow.co/company/contact/index.html]
[stackoverflow.co/img/company/awards/webby-award.svg]
[stackoverflow.co/img/company/awards/award-stratus-2020.svg]
[stackoverflow.co/img/company/awards/g2.svg]
[stackoverflow.co/img/company/awards/remotetechbreakthrough.svg]
[stackoverflow.co/img/company/awards/the-saas-awards.svg]
[stackoverflow.co/img/product/teams/logos/box-alt.svg]
[stackoverflow.co/img/product/teams/logos/expensify-alt.svg]
[stackoverflow.co/img/product/teams/logos/intercom-alt.svg]
[stackoverflow.co/img/product/teams/logos/microsoft-alt.svg]
[stackoverflow.co/img/product/teams/logos/bloomberg-alt.svg]
[stackoverflow.co/img/product/teams/logos/instacart-alt.svg]
[stackoverflow.co/img/product/teams/logos/barkbox-alt.svg]
[stackoverflow.co/img/product/teams/logos/logitech-alt.svg]
[stackoverflow.co/img/product/teams/logos/overstock-alt.svg]
[stackoverflow.co/img/product/teams/logos/chevron-alt.svg]
[stackoverflow.co/img/product/teams/logos/dialpad-alt.svg]
[stackoverflow.co/img/product/teams/logos/philips-alt.svg]
[stackoverflow.co/img/product/teams/logos/verizon-media-alt.svg]
[stackoverflow.co/img/product/teams/logos/wisetech-global-alt.svg]
[stackoverflow.co/company/work-here.html]
[stackoverflow.co/company/contact.html]
[stackoverflow.co/company/press.html]
[munchkin.marketo.net/munchkin.js]
[stackoverflow.co/xdc.html]
[stackoverflow.co/public/assets/bg-nav.1f19dbe7.svg]
[stackoverflow.co/img/product/teams/illo-security.svg]
[stackoverflow.co/public/static/1659636372/teams/pricing/state.js]
[stackoverflow.co/public/static/1659636372/teams/pricing/payload.js]
[stackoverflow.co/teams/tour/index.html]
[stackoverflow.co/teams/articles/index.html]
[stackoverflow.co/teams/content-health/index.html]
[stackoverflow.co/teams/pricing/index.html]
[stackoverflow.co/public/c20ef50.js]
[stackoverflow.co/teams/customer-success/index.html]
[stackoverflow.co/public/static/1659636372/explore-teams/state.js]
[stackoverflow.co/public/static/1659636372/explore-teams/payload.js]
[stackoverflow.co/img/product/logos/stack-overflow-teams-dark.svg]
[stackoverflow.co/img/product/teams/enterprise/g2-best-software-2022-badge-content-management.svg]
[stackoverflow.co/img/product/teams/enterprise/g2-best-software-2022-badge-mid-market.svg]
[stackoverflow.co/img/product/teams/enterprise/g2-best-software-2022-badge-small-business.svg]
[stackoverflow.co/img/product/teams/enterprise/g2-best-software-2022-badge-software-products.svg]
[stackoverflow.co/img/product/teams/enterprise/imc.svg]
[stackoverflow.co/img/product/teams/tour/team-avatar.png]
[stackoverflow.co/img/product/teams/tour/3.jpg]
[stackoverflow.co/img/product/teams/tour/2.jpg]
[stackoverflow.co/img/product/teams/tour/6.jpg]
[stackoverflow.co/img/product/teams/tour/10.jpg]
[stackoverflow.co/img/product/teams/enterprise/security-badges.png]
[stackoverflow.co/img/product/teams/enterprise/ms-teams.png]
[stackoverflow.co/img/product/teams/enterprise/articles.png]
[stackoverflow.co/img/product/teams/enterprise/collections.png]
[stackoverflow.co/img/product/teams/enterprise/dashboard.png]
[stackoverflow.co/explore-teams/index.html]
[stackoverflow.co/img/product/teams/logos/imc.svg]
[stackoverflow.co/img/product/teams/logos/microsoft.svg]
[stackoverflow.co/img/product/teams/illo-teams-pricing-shadow.svg]
[stackoverflow.co/public/56dd403.js]
[stackoverflow.co/public/static/1659636372/teams/use-cases/engineering/state.js]
[stackoverflow.co/public/static/1659636372/teams/use-cases/engineering/payload.js]
[stackoverflow.co/img/product/teams/use-cases/illo-engineering.png]
[stackoverflow.co/img/product/teams/tour/8.jpg]
[stackoverflow.co/img/product/teams/illo-roi.svg]
[stackoverflow.co/public/1374e43.js]
[stackoverflow.co/public/77cb2a1.js]
[stackoverflow.co/public/04327e5.js]
[stackoverflow.co/teams/use-cases/engineering/index.html]
[stackoverflow.co/public/5c78139.js]
[stackoverflow.co/public/static/1659636372/teams/use-cases/data-analytics/state.js]
[stackoverflow.co/public/static/1659636372/teams/use-cases/data-analytics/payload.js]
[stackoverflow.co/img/product/teams/use-cases/illo-data-science.png]
[stackoverflow.co/teams/use-cases/data-analytics/index.html]
[stackoverflow.co/public/68d8eb4.js]
[stackoverflow.co/public/static/1659636372/teams/use-cases/devops/state.js]
[stackoverflow.co/public/static/1659636372/teams/use-cases/devops/payload.js]
[stackoverflow.co/img/product/teams/use-cases/illo-devops.png]
[stackoverflow.co/img/product/teams/tour/7.jpg]
[stackoverflow.co/teams/use-cases/devops/index.html]
[stackoverflow.co/public/66fb4ab.js]
[stackoverflow.co/public/static/1659636372/teams/use-cases/customer-support/state.js]
[stackoverflow.co/public/static/1659636372/teams/use-cases/customer-support/payload.js]
[stackoverflow.co/img/product/teams/use-cases/illo-support.png]
[stackoverflow.co/teams/use-cases/customer-support/index.html]
[stackoverflow.co/public/4a4ae5a.js]
[stackoverflow.co/public/static/1659636372/teams/use-cases/product-management/state.js]
[stackoverflow.co/public/static/1659636372/teams/use-cases/product-management/payload.js]
[stackoverflow.co/img/product/teams/use-cases/illo-product-management.png]
[stackoverflow.co/teams/use-cases/product-management/index.html]
[stackoverflow.co/public/84aff83.js]
[stackoverflow.co/img/product/og/msft-social.png]
[stackoverflow.co/public/static/1659636372/teams/integrations/microsoft-teams/state.js]
[stackoverflow.co/public/static/1659636372/teams/integrations/microsoft-teams/payload.js]
[stackoverflow.co/img/product/videos/d1pxOA-DBJ8.jpg]
[stackoverflow.co/img/product/teams/microsoft-integration/chat.png]
[stackoverflow.co/img/product/teams/microsoft-integration/message-extension.png]
[stackoverflow.co/img/product/teams/microsoft-integration/nav-questions.svg]
[stackoverflow.co/img/product/teams/microsoft-integration/questions.png]
[stackoverflow.co/img/product/teams/microsoft-integration/question-modal.svg]
[stackoverflow.co/img/product/teams/microsoft-integration/nav-notifications.svg]
[stackoverflow.co/img/product/teams/microsoft-integration/notifications.svg]
[stackoverflow.co/img/product/teams/microsoft-integration/nav-app.svg]
[stackoverflow.co/img/product/teams/microsoft-integration/articles.svg]
[stackoverflow.co/img/product/teams/microsoft-integration/nav-articles.svg]
[stackoverflow.co/teams/integrations/microsoft-teams/index.html]
[stackoverflow.co/public/804e015.js]
[stackoverflow.co/public/static/1659636372/teams/integrations/state.js]
[stackoverflow.co/public/static/1659636372/teams/integrations/payload.js]
[stackoverflow.co/img/product/teams/integrations/teams-integrations-header.png]
[stackoverflow.co/img/product/teams/integrations/teams-integrations-jira.png]
[stackoverflow.co/img/product/teams/integrations/teams-integrations-github.png]
[stackoverflow.co/img/product/teams/integrations/teams-integrations-okta.png]
[stackoverflow.co/teams/integrations/index.html]
[stackoverflow.co/public/7c95d30.js]
[stackoverflow.co/img/product/og/og-teams-slack.png]
[stackoverflow.co/public/static/1659636372/teams/integrations/slack/state.js]
[stackoverflow.co/public/static/1659636372/teams/integrations/slack/payload.js]
[stackoverflow.co/img/product/teams/slack-integration/slack-hero.png]
[stackoverflow.co/img/product/teams/slack-integration/slack-ask-question.png]
[stackoverflow.co/img/product/teams/slack-integration/slack-add-notifications.png]
[stackoverflow.co/img/product/teams/slack-integration/slack-search.png]
[stackoverflow.co/img/product/teams/slack-integration/slack-add-org.png]
[stackoverflow.co/teams/integrations/slack/index.html]
[stackoverflow.co/img/product/teams/microsoft-integration/microsoft-teams-logo.svg]
[stackoverflow.co/public/b558857.js]
[stackoverflow.co/public/static/1659636372/teams/integrations/github/state.js]
[stackoverflow.co/public/static/1659636372/teams/integrations/github/payload.js]
[stackoverflow.co/img/product/teams/integrations/base.svg]
[stackoverflow.co/img/product/teams/integrations/github.svg]
[stackoverflow.co/img/product/teams/integrations/github-screenshot1.png]
[stackoverflow.co/teams/integrations/github/index.html]
[stackoverflow.co/public/ae2f4ec.js]
[stackoverflow.co/public/static/1659636372/teams/integrations/jira/state.js]
[stackoverflow.co/public/static/1659636372/teams/integrations/jira/payload.js]
[stackoverflow.co/img/product/teams/integrations/jira.svg]
[stackoverflow.co/img/product/teams/integrations/jira-screenshot1.png]
[stackoverflow.co/img/product/teams/integrations/jira-screenshot2.png]
[stackoverflow.co/img/product/teams/integrations/jira-screenshot3.svg]
[stackoverflow.co/teams/integrations/jira/index.html]
[stackoverflow.co/public/cddce82.js]
[stackoverflow.co/public/static/1659636372/teams/integrations/okta/state.js]
[stackoverflow.co/public/static/1659636372/teams/integrations/okta/payload.js]
[stackoverflow.co/img/product/teams/integrations/okta.svg]
[stackoverflow.co/teams/integrations/okta/index.html]
[stackoverflow.co/public/0f63c5a.js]
[stackoverflow.co/img/product/teams/illo-okta.svg]
[stackoverflow.co/public/static/1659636372/teams/security/state.js]
[stackoverflow.co/public/static/1659636372/teams/security/payload.js]
[stackoverflow.co/img/product/teams/illo-ent-security.svg]
[stackoverflow.co/img/product/teams/logos/soc2.png]
[stackoverflow.co/teams/security/index.html]
[stackoverflow.co/public/4b817d4.js]
[stackoverflow.co/teams/customers/index.html]
[stackoverflow.co/public/static/1659636372/talent/audience/state.js]
[stackoverflow.co/public/static/1659636372/talent/audience/payload.js]
[stackoverflow.co/img/product/audience/illo-3-h2.png]
[cdn.sstatic.net/Sites/math/img/apple-touch-icon20d8.png]
[cdn.sstatic.net/Sites/english/img/apple-touch-icon0148.png]
[cdn.sstatic.net/Sites/superuser/img/apple-touch-icona2e6.png]
[cdn.sstatic.net/Sites/gaming/img/apple-touch-icone6e0.png]
[cdn.sstatic.net/Sites/askubuntu/img/apple-touch-icon8314.png]
[cdn.sstatic.net/Sites/movies/img/apple-touch-iconf033.png]
[cdn.sstatic.net/Sites/travel/img/apple-touch-icon68f1.png]
[cdn.sstatic.net/Sites/music/img/apple-touch-icona714.png]
[cdn.sstatic.net/Sites/bicycles/img/apple-touch-iconee31.png]
[stackoverflow.co/talent/audience/index.html]
[stackoverflow.co/public/98e466e.js]
[stackoverflow.co/public/static/1659636372/talent/solutions/state.js]
[stackoverflow.co/public/static/1659636372/talent/solutions/payload.js]
[stackoverflow.co/img/product/talent/illo-tal-1-p03.png]
[stackoverflow.co/img/product/talent/illo-tal-4-p12.png]
[stackoverflow.co/img/product/audience/illo-do-landscape.png]
[stackoverflow.co/img/product/audience/illo-do-square.png]
[stackoverflow.co/img/product/audience/illo-solution-site-sponsorship.png]
[stackoverflow.co/img/product/audience/illo-solution-site-sponsorship-highlight.svg]
[stackoverflow.co/img/product/audience/illo-solution-newsletter.png]
[stackoverflow.co/img/product/audience/illo-solution-podcast.png]
[stackoverflow.co/img/product/audience/illo-solution-podcast-example.svg]
[stackoverflow.co/img/product/audience/illo-solution-blog.png]
[stackoverflow.co/img/product/audience/illo-custom-sponsorship.svg]
[stackoverflow.co/img/product/audience/illo-custom-sponsorship-example.svg]
[stackoverflow.co/talent/solutions/index.html]
[stackoverflow.co/public/a717a22.js]
[stackoverflow.co/public/static/1659636372/talent/contact/state.js]
[stackoverflow.co/public/static/1659636372/talent/contact/payload.js]
[stackoverflow.co/talent/contact/index.html]
[stackoverflow.co/public/b813c6e.js]
[stackoverflow.co/public/static/1659636372/advertising/audience/state.js]
[stackoverflow.co/public/static/1659636372/advertising/audience/payload.js]
[stackoverflow.co/img/product/audience/illo-3-p02.png]
[stackoverflow.co/img/product/audience/illo-3-p03.png]
[stackoverflow.co/img/product/audience/illo-3-m01.svg]
[stackoverflow.co/advertising/audience/index.html]
[stackoverflow.co/public/30470a8.js]
[stackoverflow.co/public/static/1659636372/advertising/solutions/state.js]
[stackoverflow.co/public/static/1659636372/advertising/solutions/payload.js]
[stackoverflow.co/img/product/audience/illo-solutions.png]
[stackoverflow.co/img/product/teams/logos/twilio.svg]
[stackoverflow.co/advertising/solutions/index.html]
[stackoverflow.co/public/911e587.js]
[stackoverflow.co/public/static/1659636372/advertising/contact/state.js]
[stackoverflow.co/public/static/1659636372/advertising/contact/payload.js]
[stackoverflow.co/advertising/contact/index.html]
[stackoverflow.co/public/4bb8d0e.js]
[stackoverflow.co/public/static/1659636372/advertising/policies/state.js]
[stackoverflow.co/public/static/1659636372/advertising/policies/payload.js]
[stackoverflow.co/advertising/policies/index.html]
[stackoverflow.co/public/8010ede.js]
[stackoverflow.co/advertising/guidelines/index.html]
[stackoverflow.co/public/static/1659636372/collectives/tour/state.js]
[stackoverflow.co/public/static/1659636372/collectives/tour/payload.js]
[stackoverflow.co/img/product/teams/tour/5.jpg]
[stackoverflow.co/img/product/teams/tour/1.jpg]
[stackoverflow.co/collectives/tour/index033a.html]
[stackoverflow.co/collectives/tour/index9c4d.html]
[stackoverflow.co/img/product/teams/tour/4.jpg]
[stackoverflow.co/img/product/collectives/tour/collectives-tour-actions-graph.svg]
[stackoverflow.co/collectives/tour/….1da.delayed]
[stackoverflow.co/img/product/collectives/tour/collectives-tour-dashboard-reach.svg]
[stackoverflow.co/img/product/collectives/tour/collectives-tour-dashboard-measure.svg]
[stackoverflow.co/img/product/collectives/tour/collectives-tour-dashboard-trends.svg]
[stackoverflow.co/public/51de13b.js]
[stackoverflow.co/collectives/tour/index.html]
[stackoverflow.co/public/933ae4d.js]
[stackoverflow.co/public/static/1659636372/collectives/contact/state.js]
[stackoverflow.co/public/static/1659636372/collectives/contact/payload.js]
[stackoverflow.co/collectives/contact/index.html]
[stackoverflow.co/company/leadership.html]
[stackoverflow.co/public/fa6cdec.js]
[stackoverflow.co/public/company/static/1659963454/company/leadership/prashanth-chandrasekar/state.js]
[stackoverflow.co/public/company/static/1659963454/company/leadership/prashanth-chandrasekar/payload.js]
[cdn.stackoverflow.co/images/jo7n4k8s/production/9dfa495989c67ed8292ac17dc3d22990d2a68fb6-628x768a9df.jpg]
[stackoverflow.co/company/leadership/prashanth-chandrasekar.html]
[stackoverflow.co/public/company/6bb0bb8.js]
[stackoverflow.co/public/company/static/1659963454/company/leadership/jody-bailey/state.js]
[stackoverflow.co/public/company/static/1659963454/company/leadership/jody-bailey/payload.js]
[cdn.stackoverflow.co/images/jo7n4k8s/production/8afb21ebd841bfe38060820eac6461e0c5b5f1ce-1332x2000a9df.jpg]
[stackoverflow.co/company/leadership/jody-bailey.html]
[stackoverflow.co/public/company/static/1659963454/company/leadership/teresa-dietrich/state.js]
[stackoverflow.co/public/company/static/1659963454/company/leadership/teresa-dietrich/payload.js]
[cdn.stackoverflow.co/images/jo7n4k8s/production/5acda16c39d95c65b2da03b300e094439ffdea63-600x750a9df.jpg]
[stackoverflow.co/company/leadership/teresa-dietrich.html]
[stackoverflow.co/public/company/static/1659963454/company/leadership/matthew-gallatin/state.js]
[stackoverflow.co/public/company/static/1659963454/company/leadership/matthew-gallatin/payload.js]
[cdn.stackoverflow.co/images/jo7n4k8s/production/45d4da3cf4d0a10449448f5dcc2a2472425614fa-600x600a9df.jpg]
[stackoverflow.co/company/leadership/matthew-gallatin.html]
[stackoverflow.co/public/company/static/1659963454/company/leadership/khalid-el-khatib/state.js]
[stackoverflow.co/public/company/static/1659963454/company/leadership/khalid-el-khatib/payload.js]
[cdn.stackoverflow.co/images/jo7n4k8s/production/896e0ae456e3927279297d1afe3a151fdd6eadd9-912x1022a9df.jpg]
[stackoverflow.co/company/leadership/khalid-el-khatib.html]
[stackoverflow.co/public/company/static/1659963454/company/leadership/tim-miller/state.js]
[stackoverflow.co/public/company/static/1659963454/company/leadership/tim-miller/payload.js]
[cdn.stackoverflow.co/images/jo7n4k8s/production/894ce87003154bf7ac1578e1fe398ffbb9ebad11-600x800a9df.jpg]
[stackoverflow.co/company/leadership/tim-miller.html]
[stackoverflow.co/public/company/static/1659963454/company/leadership/debbie-shotwell/state.js]
[stackoverflow.co/public/company/static/1659963454/company/leadership/debbie-shotwell/payload.js]
[cdn.stackoverflow.co/images/jo7n4k8s/production/bc60096cf6fc250d97e7be66f313aa5a346170d0-600x728a9df.jpg]
[stackoverflow.co/company/leadership/debbie-shotwell.html]
[stackoverflow.co/public/company/static/1659963454/company/leadership/lily-toy/state.js]
[stackoverflow.co/public/company/static/1659963454/company/leadership/lily-toy/payload.js]
[cdn.stackoverflow.co/images/jo7n4k8s/production/190e8e1a0a46ce295d725bc27e3652b47802f7a3-1152x1204a9df.jpg]
[stackoverflow.co/company/leadership/lily-toy.html]
[stackoverflow.co/company/careers.html]
[stackoverflow.co/img/company/careers/bg-headers-careers-l.svg]
[stackoverflow.co/img/company/careers/bg-headers-careers-r.svg]
[stackoverflow.co/img/company/awards/best-company-nyc-2022.svg]
[stackoverflow.co/img/company/awards/top-rated-outlook-of-2022-small.svg]
[stackoverflow.co/img/company/awards/comparably-compensation-2021-small.svg]
[stackoverflow.co/img/company/awards/comparably-happiness-2021-small.svg]
[stackoverflow.co/img/company/awards/comparably-perks-benefits-2021-small.svg]
[stackoverflow.co/img/company/awards/comparably-best-company-culture-2021-small.svg]
[stackoverflow.co/img/company/awards/comparably-best-ceo-2021-small.svg]
[stackoverflow.co/img/company/og-images/work-here_4380194.png]
[stackoverflow.co/public/company/static/1659963454/company/work-here/4380194/state.js]
[stackoverflow.co/public/company/static/1659963454/company/work-here/4380194/payload.js]
[stackoverflow.co/public/company/a001d58.js]
[stackoverflow.co/company/work-here/4380194.html]
[stackoverflow.co/public/company/9c4d2cf.js]
[stackoverflow.co/img/company/og-images/work-here_4305550.png]
[stackoverflow.co/public/company/static/1659963454/company/work-here/4305550/state.js]
[stackoverflow.co/company/work-here/4305550.html]
[stackoverflow.co/public/company/static/1659963454/company/work-here/4305550/payload.js]
[stackoverflow.co/img/company/og-images/work-here_4305345.png]
[stackoverflow.co/public/company/static/1659963454/company/work-here/4305345/state.js]
[stackoverflow.co/company/work-here/4305345.html]
[stackoverflow.co/public/company/static/1659963454/company/work-here/4305345/payload.js]
[stackoverflow.co/img/company/og-images/work-here_4305481.png]
[stackoverflow.co/public/company/static/1659963454/company/work-here/4305481/state.js]
[stackoverflow.co/public/company/static/1659963454/company/work-here/4305481/payload.js]
[stackoverflow.co/company/work-here/4305481.html]
[stackoverflow.co/img/company/og-images/work-here_4045841.png]
[stackoverflow.co/public/company/static/1659963454/company/work-here/4045841/state.js]
[stackoverflow.co/public/company/static/1659963454/company/work-here/4045841/payload.js]
[stackoverflow.co/company/work-here/4045841.html]
[stackoverflow.co/img/company/og-images/work-here_4303072.png]
[stackoverflow.co/public/company/static/1659963454/company/work-here/4303072/state.js]
[stackoverflow.co/company/work-here/4303072.html]
[stackoverflow.co/public/company/static/1659963454/company/work-here/4303072/payload.js]
[stackoverflow.co/img/company/og-images/work-here_4201016.png]
[stackoverflow.co/public/company/static/1659963454/company/work-here/4201016/state.js]
[stackoverflow.co/company/work-here/4201016.html]
[stackoverflow.co/public/company/static/1659963454/company/work-here/4201016/payload.js]
[stackoverflow.co/img/company/og-images/work-here_4427193.png]
[stackoverflow.co/public/company/static/1659963454/company/work-here/4427193/state.js]
[stackoverflow.co/public/company/static/1659963454/company/work-here/4427193/payload.js]
[stackoverflow.co/company/work-here/4427193.html]
[stackoverflow.co/img/company/og-images/work-here_4230288.png]
[stackoverflow.co/public/company/static/1659963454/company/work-here/4230288/state.js]
[stackoverflow.co/company/work-here/4230288.html]
[stackoverflow.co/public/company/static/1659963454/company/work-here/4230288/payload.js]
[stackoverflow.co/img/company/og-images/work-here_4272057.png]
[stackoverflow.co/public/company/static/1659963454/company/work-here/4272057/state.js]
[stackoverflow.co/public/company/static/1659963454/company/work-here/4272057/payload.js]
[stackoverflow.co/company/work-here/4272057.html]
[stackoverflow.co/img/company/og-images/work-here_4301014.png]
[stackoverflow.co/public/company/static/1659963454/company/work-here/4301014/state.js]
[stackoverflow.co/company/work-here/4301014.html]
[stackoverflow.co/public/company/static/1659963454/company/work-here/4301014/payload.js]
[stackoverflow.co/img/company/og-images/work-here_4231670.png]
[stackoverflow.co/public/company/static/1659963454/company/work-here/4231670/state.js]
[stackoverflow.co/company/work-here/4231670.html]
[stackoverflow.co/public/company/static/1659963454/company/work-here/4231670/payload.js]
[stackoverflow.co/img/company/og-images/work-here_3375541.png]
[stackoverflow.co/public/company/static/1659963454/company/work-here/3375541/state.js]
[stackoverflow.co/public/company/static/1659963454/company/work-here/3375541/payload.js]
[stackoverflow.co/company/work-here/3375541.html]
[stackoverflow.co/img/company/og-images/work-here_4301016.png]
[stackoverflow.co/public/company/static/1659963454/company/work-here/4301016/state.js]
[stackoverflow.co/public/company/static/1659963454/company/work-here/4301016/payload.js]
[stackoverflow.co/company/work-here/4301016.html]
[stackoverflow.co/img/company/og-images/work-here_3366452.png]
[stackoverflow.co/public/company/static/1659963454/company/work-here/3366452/state.js]
[stackoverflow.co/public/company/static/1659963454/company/work-here/3366452/payload.js]
[stackoverflow.co/company/work-here/3366452.html]
[stackoverflow.co/img/company/og-images/work-here_3416565.png]
[stackoverflow.co/public/company/static/1659963454/company/work-here/3416565/state.js]
[stackoverflow.co/public/company/static/1659963454/company/work-here/3416565/payload.js]
[stackoverflow.co/company/work-here/3416565.html]
[stackoverflow.co/img/company/og-images/work-here_4358766.png]
[stackoverflow.co/public/company/static/1659963454/company/work-here/4358766/state.js]
[stackoverflow.co/company/work-here/4358766.html]
[stackoverflow.co/public/company/static/1659963454/company/work-here/4358766/payload.js]
[stackoverflow.co/img/company/og-images/work-here_4413358.png]
[stackoverflow.co/public/company/static/1659963454/company/work-here/4413358/state.js]
[stackoverflow.co/company/work-here/4413358.html]
[stackoverflow.co/public/company/static/1659963454/company/work-here/4413358/payload.js]
[stackoverflow.co/img/company/og-images/work-here_4278500.png]
[stackoverflow.co/public/company/static/1659963454/company/work-here/4278500/state.js]
[stackoverflow.co/company/work-here/4278500.html]
[stackoverflow.co/public/company/static/1659963454/company/work-here/4278500/payload.js]
[stackoverflow.co/img/company/og-images/work-here_4398900.png]
[stackoverflow.co/public/company/static/1659963454/company/work-here/4398900/state.js]
[stackoverflow.co/company/work-here/4398900.html]
[stackoverflow.co/public/company/static/1659963454/company/work-here/4398900/payload.js]
[stackoverflow.co/img/company/og-images/work-here_4441454.png]
[stackoverflow.co/public/company/static/1659963454/company/work-here/4441454/state.js]
[stackoverflow.co/company/work-here/4441454.html]
[stackoverflow.co/public/company/static/1659963454/company/work-here/4441454/payload.js]
[stackoverflow.co/img/company/og-images/work-here_4096838.png]
[stackoverflow.co/public/company/static/1659963454/company/work-here/4096838/state.js]
[stackoverflow.co/company/work-here/4096838.html]
[stackoverflow.co/public/company/static/1659963454/company/work-here/4096838/payload.js]
[stackoverflow.co/img/company/og-images/work-here_4386850.png]
[stackoverflow.co/public/company/static/1659963454/company/work-here/4386850/state.js]
[stackoverflow.co/company/work-here/4386850.html]
[stackoverflow.co/public/company/static/1659963454/company/work-here/4386850/payload.js]
[stackoverflow.co/img/company/og-images/work-here_4427436.png]
[stackoverflow.co/public/company/static/1659963454/company/work-here/4427436/state.js]
[stackoverflow.co/company/work-here/4427436.html]
[stackoverflow.co/public/company/static/1659963454/company/work-here/4427436/payload.js]
[stackoverflow.co/img/company/og-images/work-here_3989997.png]
[stackoverflow.co/public/company/static/1659963454/company/work-here/3989997/state.js]
[stackoverflow.co/company/work-here/3989997.html]
[stackoverflow.co/public/company/static/1659963454/company/work-here/3989997/payload.js]
[stackoverflow.co/img/company/og-images/work-here_3989887.png]
[stackoverflow.co/public/company/static/1659963454/company/work-here/3989887/state.js]
[stackoverflow.co/public/company/static/1659963454/company/work-here/3989887/payload.js]
[stackoverflow.co/company/work-here/3989887.html]
[stackoverflow.co/img/company/og-images/work-here_3883147.png]
[stackoverflow.co/public/company/static/1659963454/company/work-here/3883147/state.js]
[stackoverflow.co/company/work-here/3883147.html]
[stackoverflow.co/public/company/static/1659963454/company/work-here/3883147/payload.js]
[stackoverflow.co/img/company/og-images/work-here_3989944.png]
[stackoverflow.co/public/company/static/1659963454/company/work-here/3989944/state.js]
[stackoverflow.co/company/work-here/3989944.html]
[stackoverflow.co/public/company/static/1659963454/company/work-here/3989944/payload.js]
[stackoverflow.co/img/company/og-images/work-here_4345972.png]
[stackoverflow.co/public/company/static/1659963454/company/work-here/4345972/state.js]
[stackoverflow.co/company/work-here/4345972.html]
[stackoverflow.co/public/company/static/1659963454/company/work-here/4345972/payload.js]
[stackoverflow.co/img/company/og-images/work-here_3989776.png]
[stackoverflow.co/public/company/static/1659963454/company/work-here/3989776/state.js]
[stackoverflow.co/company/work-here/3989776.html]
[stackoverflow.co/public/company/static/1659963454/company/work-here/3989776/payload.js]
[stackoverflow.co/img/company/og-images/work-here_3932016.png]
[stackoverflow.co/public/company/static/1659963454/company/work-here/3932016/state.js]
[stackoverflow.co/company/work-here/3932016.html]
[stackoverflow.co/public/company/static/1659963454/company/work-here/3932016/payload.js]
[stackoverflow.co/img/company/og-images/work-here_4119179.png]
[stackoverflow.co/public/company/static/1659963454/company/work-here/4119179/state.js]
[stackoverflow.co/company/work-here/4119179.html]
[stackoverflow.co/public/company/static/1659963454/company/work-here/4119179/payload.js]
[stackoverflow.co/img/company/og-images/work-here_4353156.png]
[stackoverflow.co/public/company/static/1659963454/company/work-here/4353156/state.js]
[stackoverflow.co/company/work-here/4353156.html]
[stackoverflow.co/public/company/static/1659963454/company/work-here/4353156/payload.js]
[stackoverflow.co/img/company/og-images/work-here_4439707.png]
[stackoverflow.co/public/company/static/1659963454/company/work-here/4439707/state.js]
[stackoverflow.co/company/work-here/4439707.html]
[stackoverflow.co/public/company/static/1659963454/company/work-here/4439707/payload.js]
[stackoverflow.co/img/company/og-images/work-here_4337620.png]
[stackoverflow.co/public/company/static/1659963454/company/work-here/4337620/state.js]
[stackoverflow.co/company/work-here/4337620.html]
[stackoverflow.co/public/company/static/1659963454/company/work-here/4337620/payload.js]
[stackoverflow.co/img/company/og-images/work-here_3618157.png]
[stackoverflow.co/public/company/static/1659963454/company/work-here/3618157/state.js]
[stackoverflow.co/company/work-here/3618157.html]
[stackoverflow.co/public/company/static/1659963454/company/work-here/3618157/payload.js]
[stackoverflow.co/img/company/og-images/work-here_4376055.png]
[stackoverflow.co/public/company/static/1659963454/company/work-here/4376055/state.js]
[stackoverflow.co/company/work-here/4376055.html]
[stackoverflow.co/public/company/static/1659963454/company/work-here/4376055/payload.js]
[stackoverflow.co/img/company/og-images/work-here_3721641.png]
[stackoverflow.co/public/company/static/1659963454/company/work-here/3721641/state.js]
[stackoverflow.co/company/work-here/3721641.html]
[stackoverflow.co/public/company/static/1659963454/company/work-here/3721641/payload.js]
[stackoverflow.co/img/company/og-images/work-here_3721440.png]
[stackoverflow.co/public/company/static/1659963454/company/work-here/3721440/state.js]
[stackoverflow.co/company/work-here/3721440.html]
[stackoverflow.co/public/company/static/1659963454/company/work-here/3721440/payload.js]
[stackoverflow.co/img/company/og-images/work-here_3970548.png]
[stackoverflow.co/public/company/static/1659963454/company/work-here/3970548/state.js]
[stackoverflow.co/company/work-here/3970548.html]
[stackoverflow.co/public/company/static/1659963454/company/work-here/3970548/payload.js]
[stackoverflow.co/img/company/og-images/work-here_3950397.png]
[stackoverflow.co/public/company/static/1659963454/company/work-here/3950397/state.js]
[stackoverflow.co/company/work-here/3950397.html]
[stackoverflow.co/public/company/static/1659963454/company/work-here/3950397/payload.js]
[stackoverflow.co/img/company/og-images/work-here_3970541.png]
[stackoverflow.co/public/company/static/1659963454/company/work-here/3970541/state.js]
[stackoverflow.co/company/work-here/3970541.html]
[stackoverflow.co/public/company/static/1659963454/company/work-here/3970541/payload.js]
[stackoverflow.co/img/company/og-images/work-here_4152269.png]
[stackoverflow.co/public/company/static/1659963454/company/work-here/4152269/state.js]
[stackoverflow.co/company/work-here/4152269.html]
[stackoverflow.co/public/company/static/1659963454/company/work-here/4152269/payload.js]
[stackoverflow.co/img/company/og-images/work-here_4242768.png]
[stackoverflow.co/public/company/static/1659963454/company/work-here/4242768/state.js]
[stackoverflow.co/company/work-here/4242768.html]
[stackoverflow.co/public/company/static/1659963454/company/work-here/4242768/payload.js]
[stackoverflow.co/img/company/og-images/work-here_3648367.png]
[stackoverflow.co/public/company/static/1659963454/company/work-here/3648367/state.js]
[stackoverflow.co/company/work-here/3648367.html]
[stackoverflow.co/public/company/static/1659963454/company/work-here/3648367/payload.js]
[stackoverflow.co/img/company/og-images/work-here_3301316.png]
[stackoverflow.co/public/company/static/1659963454/company/work-here/3301316/state.js]
[stackoverflow.co/company/work-here/3301316.html]
[stackoverflow.co/public/company/static/1659963454/company/work-here/3301316/payload.js]
[stackoverflow.co/img/company/og-images/work-here_3913070.png]
[stackoverflow.co/public/company/static/1659963454/company/work-here/3913070/state.js]
[stackoverflow.co/company/work-here/3913070.html]
[stackoverflow.co/public/company/static/1659963454/company/work-here/3913070/payload.js]
[stackoverflow.co/img/company/og-images/work-here_4059355.png]
[stackoverflow.co/public/company/static/1659963454/company/work-here/4059355/state.js]
[stackoverflow.co/company/work-here/4059355.html]
[stackoverflow.co/public/company/static/1659963454/company/work-here/4059355/payload.js]
[stackoverflow.co/img/company/og-images/work-here_4138690.png]
[stackoverflow.co/public/company/static/1659963454/company/work-here/4138690/state.js]
[stackoverflow.co/company/work-here/4138690.html]
[stackoverflow.co/public/company/static/1659963454/company/work-here/4138690/payload.js]
[stackoverflow.co/img/company/og-images/work-here_4138609.png]
[stackoverflow.co/public/company/static/1659963454/company/work-here/4138609/state.js]
[stackoverflow.co/company/work-here/4138609.html]
[stackoverflow.co/public/company/static/1659963454/company/work-here/4138609/payload.js]
[stackoverflow.co/img/company/og-images/work-here_3681977.png]
[stackoverflow.co/public/company/static/1659963454/company/work-here/3681977/state.js]
[stackoverflow.co/public/company/static/1659963454/company/work-here/3681977/payload.js]
[stackoverflow.co/company/work-here/3681977.html]
[stackoverflow.co/img/company/og-images/work-here_799106.png]
[stackoverflow.co/public/company/static/1659963454/company/work-here/799106/state.js]
[stackoverflow.co/public/company/static/1659963454/company/work-here/799106/payload.js]
[stackoverflow.co/company/work-here/799106.html]
[stackoverflow.co/public/company/static/1659963454/company/press/archive/state.js]
[stackoverflow.co/public/company/static/1659963454/company/press/archive/payload.js]
[stackoverflow.co/company/press/archive.html]
[stackoverflow.co/public/company/5a2b060.js]
[stackoverflow.co/public/company/static/1659963454/company/press/archive/jody-bailey-cto/state.js]
[stackoverflow.co/public/company/static/1659963454/company/press/archive/jody-bailey-cto/payload.js]
[stackoverflow.co/company/press/archive/jody-bailey-cto.html]
[stackoverflow.co/public/company/8b519e9.js]
[stackoverflow.co/public/company/static/1659963454/company/press/archive/content-health/state.js]
[stackoverflow.co/company/press/archive/content-health.html]
[stackoverflow.co/public/company/static/1659963454/company/press/archive/content-health/payload.js]
[stackoverflow.co/public/company/static/1659963454/company/press/archive/lily-toy-joins/state.js]
[stackoverflow.co/company/press/archive/lily-toy-joins.html]
[stackoverflow.co/public/company/static/1659963454/company/press/archive/lily-toy-joins/payload.js]
[stackoverflow.co/public/company/static/1659963454/company/press/archive/matthew-gallatin-joins/state.js]
[stackoverflow.co/company/press/archive/matthew-gallatin-joins.html]
[stackoverflow.co/public/company/static/1659963454/company/press/archive/matthew-gallatin-joins/payload.js]
[stackoverflow.co/public/company/static/1659963454/company/press/archive/introducing-collectives/state.js]
[stackoverflow.co/company/press/archive/introducing-collectives.html]
[stackoverflow.co/public/company/static/1659963454/company/press/archive/introducing-collectives/payload.js]
[stackoverflow.co/public/company/static/1659963454/company/press/archive/prosus-acquisition/state.js]
[stackoverflow.co/company/press/archive/prosus-acquisition.html]
[stackoverflow.co/public/company/static/1659963454/company/press/archive/prosus-acquisition/payload.js]
[stackoverflow.co/public/company/static/1659963454/company/press/archive/free-teams/state.js]
[stackoverflow.co/company/press/archive/free-teams.html]
[stackoverflow.co/public/company/static/1659963454/company/press/archive/free-teams/payload.js]
[stackoverflow.co/public/company/static/1659963454/company/press/archive/debbie-shotwell-joins/state.js]
[stackoverflow.co/company/press/archive/debbie-shotwell-joins.html]
[stackoverflow.co/public/company/static/1659963454/company/press/archive/debbie-shotwell-joins/payload.js]
[stackoverflow.co/public/company/static/1659963454/company/press/archive/soc2-audit/state.js]
[stackoverflow.co/company/press/archive/soc2-audit.html]
[stackoverflow.co/public/company/static/1659963454/company/press/archive/soc2-audit/payload.js]
[stackoverflow.co/public/company/static/1659963454/company/press/archive/series-e/state.js]
[stackoverflow.co/company/press/archive/series-e.html]
[stackoverflow.co/public/company/static/1659963454/company/press/archive/series-e/payload.js]
[stackoverflow.co/public/company/static/1659963454/company/press/archive/teresa-dietrich-joins/state.js]
[stackoverflow.co/company/press/archive/teresa-dietrich-joins.html]
[stackoverflow.co/public/company/static/1659963454/company/press/archive/teresa-dietrich-joins/payload.js]
[stackoverflow.co/public/company/static/1659963454/company/press/archive/prashanth-chandrasekar-joins/state.js]
[stackoverflow.co/company/press/archive/prashanth-chandrasekar-joins.html]
[stackoverflow.co/company/research.html]
[stackoverflow.co/public/company/static/1659963454/company/press/archive/prashanth-chandrasekar-joins/payload.js]
[stackoverflow.co/img/product/og/og-teams-tour.png]
[stackoverflow.co/public/static/1659636372/teams/tour/state.js]
[stackoverflow.co/public/static/1659636372/teams/tour/payload.js]
[stackoverflow.co/img/product/teams/tour/bg-tour.png]
[stackoverflow.co/teams/tour/….2ee.delayed]
[stackoverflow.co/teams/tour/@Urls.Help.2ef.delayed]
[stackoverflow.co/public/3b0fc98.js]
[stackoverflow.co/public/99d26a2.js]
[stackoverflow.co/public/c70a8a6.js]
[stackoverflow.co/public/1566d04.js]
[stackoverflow.co/public/21c433a.js]
[stackoverflow.co/public/b0dafd7.js]
[stackoverflow.co/public/3681cfb.js]
[stackoverflow.co/public/f25d2ea.js]
[stackoverflow.co/teams/tour/index.html]
[stackoverflow.co/public/1aeb933.js]
[stackoverflow.co/img/product/og/og-teams-features-articles.png]
[stackoverflow.co/public/static/1659636372/teams/articles/state.js]
[stackoverflow.co/public/static/1659636372/teams/articles/payload.js]
[stackoverflow.co/img/product/teams/feature-articles/illo-article-header-l.svg]
[stackoverflow.co/img/product/teams/feature-articles/illo-article-header-r.svg]
[stackoverflow.co/img/product/teams/feature-articles/illo-article-header-mobile.svg]
[stackoverflow.co/img/product/teams/feature-articles/illo-articles-1.png]
[stackoverflow.co/img/product/teams/feature-articles/illo-articles-2.png]
[stackoverflow.co/img/product/teams/feature-articles/illo-articles-3.png]
[stackoverflow.co/teams/articles/index.html]
[stackoverflow.co/public/3569dd8.js]
[stackoverflow.co/img/product/og/og-teams-features-content-health.png]
[stackoverflow.co/public/static/1659636372/teams/content-health/state.js]
[stackoverflow.co/public/static/1659636372/teams/content-health/payload.js]
[stackoverflow.co/img/product/videos/sUrL1mbZZJ8.jpg]
[stackoverflow.co/img/product/teams/feature-content-health/illo-access.png]
[stackoverflow.co/img/product/teams/feature-content-health/illo-criteria.png]
[stackoverflow.co/img/product/teams/feature-content-health/illo-tags.png]
[stackoverflow.co/img/product/teams/feature-content-health/illo-action.png]
[stackoverflow.co/img/product/teams/feature-content-health/illo-obsolete.png]
[stackoverflow.co/teams/content-health/index.html]
[stackoverflow.co/public/ebb6fee.js]
[stackoverflow.co/img/product/og/og-teams-customer-success.png]
[stackoverflow.co/public/static/1659636372/teams/customer-success/state.js]
[stackoverflow.co/public/static/1659636372/teams/customer-success/payload.js]
[stackoverflow.co/img/product/teams/illo-teams-customer-graph.svg]
[stackoverflow.co/img/product/teams/illo-teams-customer-success-bulb.png]
[stackoverflow.co/img/product/teams/illo-teams-customer-success-experts.png]
[stackoverflow.co/img/product/teams/customer-success/1.jpg]
[stackoverflow.co/img/product/teams/customer-success/2.jpg]
[stackoverflow.co/img/product/teams/customer-success/3.jpg]
[stackoverflow.co/img/product/teams/customer-success/4.jpg]
[stackoverflow.co/img/product/teams/customer-success/5.jpg]
[stackoverflow.co/img/product/teams/customer-success/6.jpg]
[stackoverflow.co/img/product/teams/customer-success/7.jpg]
[stackoverflow.co/img/product/teams/customer-success/8.jpg]
[stackoverflow.co/teams/customer-success/index.html]
[stackoverflow.co/img/product/logos/stack-overflow-teams-dark.svg]
[stackoverflow.co/img/product/teams/enterprise/g2-best-software-2022-badge-content-management.svg]
[stackoverflow.co/img/product/teams/enterprise/g2-best-software-2022-badge-mid-market.svg]
[stackoverflow.co/img/product/teams/enterprise/g2-best-software-2022-badge-small-business.svg]
[stackoverflow.co/img/product/teams/enterprise/g2-best-software-2022-badge-software-products.svg]
[stackoverflow.co/img/product/teams/enterprise/imc.svg]
[stackoverflow.co/img/product/teams/illo-roi.svg]
[stackoverflow.co/img/product/teams/microsoft-integration/titlebar.svg]
[stackoverflow.co/img/product/teams/microsoft-integration/nav-questions.svg]
[stackoverflow.co/img/product/teams/microsoft-integration/question-modal.svg]
[stackoverflow.co/img/product/teams/microsoft-integration/nav-notifications.svg]
[stackoverflow.co/img/product/teams/microsoft-integration/notifications.svg]
[stackoverflow.co/img/product/teams/microsoft-integration/nav-app.svg]
[stackoverflow.co/img/product/teams/microsoft-integration/articles.svg]
[stackoverflow.co/img/product/teams/microsoft-integration/nav-articles.svg]
[stackoverflow.co/img/product/teams/integrations/spark.svg]
[stackoverflow.co/img/product/teams/integrations/base.svg]
[stackoverflow.co/img/product/teams/integrations/github.svg]
[stackoverflow.co/img/product/teams/integrations/jira.svg]
[stackoverflow.co/img/product/teams/integrations/jira-screenshot3.svg]
[stackoverflow.co/img/product/teams/integrations/okta.svg]
[stackoverflow.co/img/product/teams/illo-ent-security.svg]
[stackoverflow.co/public/ec40b37.js]
[stackoverflow.co/public/static/1659636372/teams/customers/state.js]
[stackoverflow.co/public/static/1659636372/teams/customers/payload.js]
[stackoverflow.co/img/product/videos/mFqhoOC9nvg.jpg]
[stackoverflow.co/img/product/videos/mhh0aK6yJgA.jpg]
[stackoverflow.co/img/product/videos/8sRjd0F1iPg.jpg]
[stackoverflow.co/img/product/teams/logos/dropbox.svg]
[stackoverflow.co/img/product/teams/logos/8451.svg]
[stackoverflow.co/img/product/teams/logos/liberty-mutual.svg]
[stackoverflow.co/img/product/teams/logos/skai.svg]
[stackoverflow.co/img/product/teams/logos/quantexa.svg]
[stackoverflow.co/img/product/teams/logos/wisetech.svg]
[stackoverflow.co/img/product/teams/logos/doctolib.svg]
[stackoverflow.co/img/product/teams/logos/elastic.svg]
[stackoverflow.co/img/product/teams/logos/flex.svg]
[stackoverflow.co/img/product/teams/logos/primer.svg]
[stackoverflow.co/img/product/teams/logos/box.svg]
[stackoverflow.co/img/product/teams/logos/intuit.svg]
[stackoverflow.co/img/product/teams/logos/expensify.svg]
[stackoverflow.co/img/product/teams/logos/grandcentrix.svg]
[stackoverflow.co/teams/customers/index.html]
[stackoverflow.co/img/product/audience/illo-solution-site-sponsorship-highlight.svg]
[stackoverflow.co/img/product/audience/illo-solution-podcast-example.svg]
[stackoverflow.co/img/product/audience/illo-custom-sponsorship.svg]
[stackoverflow.co/img/product/audience/illo-custom-sponsorship-example.svg]
[stackoverflow.co/img/product/audience/illo-3-m01.svg]
[stackoverflow.co/img/product/teams/logos/twilio.svg]
[stackoverflow.co/img/product/audience/icon-audiobubble.svg]
[stackoverflow.co/public/90b0109.js]
[stackoverflow.co/public/static/1659636372/advertising/guidelines/state.js]
[stackoverflow.co/public/static/1659636372/advertising/guidelines/payload.js]
[stackoverflow.co/advertising/guidelines/index.html]
[stackoverflow.co/collectives/tour/index033a.html]
[stackoverflow.co/collectives/tour/index9c4d.html]
[stackoverflow.co/img/product/collectives/tour/collectives-tour-actions-graph.svg]
[stackoverflow.co/collectives/tour/….html]
[stackoverflow.co/img/product/collectives/tour/collectives-tour-dashboard-reach.svg]
[stackoverflow.co/img/product/collectives/tour/collectives-tour-dashboard-measure.svg]
[stackoverflow.co/img/product/collectives/tour/collectives-tour-dashboard-trends.svg]
[stackoverflow.co/teams/tour/….html]
[stackoverflow.co/teams/tour/@Urls.Help.html]
[stackoverflow.co/img/product/teams/feature-articles/illo-article-header-l.svg]
[stackoverflow.co/img/product/teams/feature-articles/illo-article-header-r.svg]
[stackoverflow.co/img/product/teams/feature-articles/illo-article-header-mobile.svg]
[stackoverflow.co/img/product/teams/illo-teams-customer-graph.svg]
[stackoverflow.co/img/product/teams/logos/dropbox.svg]
[stackoverflow.co/img/product/teams/logos/8451.svg]
[stackoverflow.co/img/product/teams/logos/liberty-mutual.svg]
[stackoverflow.co/img/product/teams/logos/skai.svg]
[stackoverflow.co/img/product/teams/logos/quantexa.svg]
[stackoverflow.co/img/product/teams/logos/wisetech.svg]
[stackoverflow.co/img/product/teams/logos/doctolib.svg]
[stackoverflow.co/img/product/teams/logos/elastic.svg]
[stackoverflow.co/img/product/teams/logos/flex.svg]
[stackoverflow.co/img/product/teams/logos/primer.svg]
[stackoverflow.co/img/product/teams/logos/box.svg]
[stackoverflow.co/img/product/teams/logos/intuit.svg]
[stackoverflow.co/img/product/teams/logos/expensify.svg]
[stackoverflow.co/img/product/teams/logos/grandcentrix.svg]
[stackoverflow.co/public/606cd60.js]
